I'm sorry, but errors were detected in your script. Please correct the
errors listed below, and try again.


File "game/erika_ch0.rpy", line 84: Line is indented, but the preceding scene statement statement does not expect a block. Please check this line's indentation.
(Perhaps you left out a " at the end of the first line.)
    "Un día normal nuevamente, es imposible mantener 4 tipos de trabajos para las chicas, 
    ^
        además de observar aun mas detalles en la oficina que me recuerdan a cada una de ellas"

Ren'Py Version: Ren'Py 8.0.3.22090809
Tue May  2 19:10:44 2023
